should set externalDB secret values:
  1: |
    eHdpa2lw
should set mysql secret values:
  1: |
    eHdpa2lw
should set postgres secret values:
  1: |
    eHdpa2lw
